version: 2
models:
  - name: raw_aln_dbo_c_status
    description: Alliant source table called C_STATUS
    columns:
      - name: ADT_INSERT_AUDIT_ID
        description: ''
      - name: ADT_INSERT_TIME
        description: ''
      - name: ADT_UPDATE_AUDIT_ID
        description: ''
      - name: ADT_UPDATE_TIME
        description: ''
      - name: ADT_BATCH_DATE
        description: ''
      - name: ADT_STAGE_FILE_NAME
        description: ''
      - name: ADT_STAGE_FILE_ROW
        description: ''
      - name: ADT_METADATA
        description: ''
      - name: ADT_BOOKMARK_COLUMN
        description: ''
      - name: ADT_BOOKMARK_TYPE
        description: ''
      - name: ADT_BOOKMARK_VALUE
        description: ''
      - name: FILECONTENTS
        description: ''
